<html><body>
<a id="a" style="color:purple;background:purple;border-style:solid;color:blue;background:green;color:red;background:blue;border-style:dashed;">woot</a>
</body></html>
